
> invar@0.1.0 build
> next build

   Γû▓ Next.js 16.0.8 (Turbopack)

   Creating an optimized production build ...
 Γ£ô Compiled successfully in 11.3s
   Running TypeScript ...
node.exe : Failed to 
compile.
At line:1 char:1
+ & "C:\Program Files
\nodejs/node.exe" 
"C:\Program 
Files\nodejs/node_mo 
...
+ ~~~~~~~~~~~~~~~~~~~
~~~~~~~~~~~~~~~~~~~~~
~~~~~~~~~~~~~~~~~~~~~
~~~~~~~~
    + CategoryInfo   
           : NotSpe  
  cified: (Failed    
 to compile.:Stri    
ng) [], RemoteEx    
ception
    + FullyQualified 
   ErrorId : Native  
  CommandError
 

./components/devCompo
nents/ai-prompt-box.t
sx:3:34
Type error: Cannot 
find module '@radix-u
i/react-dialog' or 
its corresponding 
type declarations.

[0m [90m 1 |[39m 
[36mimport[39m 
[33mReact[39m 
[36mfrom[39m [32m"
react"[39m[33m;[39
m
 [90m 2 |[39m 
[36mimport[39m 
[33m*[39m 
[36mas[39m [33mToo
ltipPrimitive[39m 
[36mfrom[39m [32m"
@radix-ui/react-toolt
ip"[39m[33m;[39m
[31m[1m>[22m[39m
[90m 3 |[39m 
[36mimport[39m 
[33m*[39m 
[36mas[39m [33mDia
logPrimitive[39m 
[36mfrom[39m [32m"
@radix-ui/react-dialo
g"[39m[33m;[39m
 [90m   |[39m      
                     
       
[31m[1m^[22m[39m
 [90m 4 |[39m 
[36mimport[39m { [
33mArrowUp[39m[33m,
[39m [33mPaperclip
[39m[33m,[39m [33m
Square[39m[33m,[39
m [33mX[39m[33m,[
39m [33mStopCircle[
39m[33m,[39m [33mM
ic[39m[33m,[39m [
33mGlobe[39m[33m,[
39m [33mBrainCog[39
m[33m,[39m 
[33mFolderCode[39m 
} [36mfrom[39m [32
m"lucide-react"[39m
[33m;[39m
 [90m 5 |[39m 
[36mimport[39m { 
motion[33m,[39m [3
3mAnimatePresence[39
m } [36mfrom[39m [
32m"framer-motion"[3
9m[33m;[39m
 [90m 6 |[39m[0m
Next.js build worker 
exited with code: 1 
and signal: null
